test_auth_rejection_stops_reads_immediately (test_cli.CLITests.test_auth_rejection_stops_reads_immediately) ... ok
test_observation_retry_is_bounded (test_cli.CLITests.test_observation_retry_is_bounded) ... ok
test_offline_create_and_cancel (test_cli.CLITests.test_offline_create_and_cancel) ... ok
test_recovery_flags_are_exclusive (test_cli.CLITests.test_recovery_flags_are_exclusive) ... ok
test_start_single_instance_and_owned_graceful_stop (test_cli.CLITests.test_start_single_instance_and_owned_graceful_stop) ... ok
test_dependency_cycle_rejected (test_controller.ControllerTests.test_dependency_cycle_rejected) ... ok
test_observed_progress_never_invented (test_controller.ControllerTests.test_observed_progress_never_invented) ... ok
test_snapshot_immutability (test_controller.ControllerTests.test_snapshot_immutability) ... ok
test_stale_revision_does_not_overwrite_result (test_controller.ControllerTests.test_stale_revision_does_not_overwrite_result) ... ok
test_t02_mock_b_roundtrip_and_durable_artifact (test_controller.ControllerTests.test_t02_mock_b_roundtrip_and_durable_artifact) ... ok
test_t04_mock_cross_queue_acl (test_controller.ControllerTests.test_t04_mock_cross_queue_acl) ... ok
test_t05_mock_worker_cannot_submit_or_producer_claim (test_controller.ControllerTests.test_t05_mock_worker_cannot_submit_or_producer_claim) ... ok
test_t06_duplicate_job_and_attempt (test_controller.ControllerTests.test_t06_duplicate_job_and_attempt) ... ok
test_t07_request_key_conflict (test_controller.ControllerTests.test_t07_request_key_conflict) ... ok
test_t07_upstream_key_conflict (test_controller.ControllerTests.test_t07_upstream_key_conflict) ... ok
test_t08_intent_persisted_before_network (test_controller.ControllerTests.test_t08_intent_persisted_before_network) ... ok
test_t08_response_loss_reuses_exact_intent (test_controller.ControllerTests.test_t08_response_loss_reuses_exact_intent) ... ok
test_t09_t15_synthesis_dedupes_exact_results (test_controller.ControllerTests.test_t09_t15_synthesis_dedupes_exact_results) ... ok
test_t10_missing_required_artifact_rejected (test_controller.ControllerTests.test_t10_missing_required_artifact_rejected) ... ok
test_t10_unknown_schema_and_external_changes_rejected (test_controller.ControllerTests.test_t10_unknown_schema_and_external_changes_rejected) ... ok
test_t10_wrong_snapshot_rejected (test_controller.ControllerTests.test_t10_wrong_snapshot_rejected) ... ok
test_t11_expired_lease_cannot_complete (test_controller.ControllerTests.test_t11_expired_lease_cannot_complete) ... ok
test_t11_heartbeat_same_revision_is_observed (test_controller.ControllerTests.test_t11_heartbeat_same_revision_is_observed) ... ok
test_t12_recover_dry_run_does_not_send (test_controller.ControllerTests.test_t12_recover_dry_run_does_not_send) ... ok
test_t12_restart_recovers_existing_id (test_controller.ControllerTests.test_t12_restart_recovers_existing_id) ... ok
test_t13_disconnect_retains_slot_then_recovers (test_controller.ControllerTests.test_t13_disconnect_retains_slot_then_recovers) ... ok
test_t16_delivery_not_inferred_from_completion (test_controller.ControllerTests.test_t16_delivery_not_inferred_from_completion) ... ok
test_t17_cancel_never_sent (test_controller.ControllerTests.test_t17_cancel_never_sent) ... ok
test_t17_cancel_running_blocks_followup (test_controller.ControllerTests.test_t17_cancel_running_blocks_followup) ... ok
test_t17_cancel_uncertain_submission_retains_slot (test_controller.ControllerTests.test_t17_cancel_uncertain_submission_retains_slot) ... ok
test_t18_partial_success_preserved (test_controller.ControllerTests.test_t18_partial_success_preserved) ... ok
test_t20_recursive_synthesis_job_rejected (test_controller.ControllerTests.test_t20_recursive_synthesis_job_rejected) ... ok
test_t21_credentials_rejected_and_redacted (test_controller.ControllerTests.test_t21_credentials_rejected_and_redacted) ... ok
test_t21_output_path_rejected_without_file_creation (test_controller.ControllerTests.test_t21_output_path_rejected_without_file_creation) ... ok
test_t21_path_traversal_and_absolute_name_rejected (test_controller.ControllerTests.test_t21_path_traversal_and_absolute_name_rejected) ... ok
test_t22_auth_and_limit_errors_do_not_failover (test_controller.ControllerTests.test_t22_auth_and_limit_errors_do_not_failover) ... ok
test_t23_oversized_input_rejected (test_controller.ControllerTests.test_t23_oversized_input_rejected) ... ok
test_t23_oversized_output_rejected (test_controller.ControllerTests.test_t23_oversized_output_rejected) ... ok
test_t23_upstream_escaped_unicode_limit (test_controller.ControllerTests.test_t23_upstream_escaped_unicode_limit) ... ok
test_t24_concurrent_reservations_never_exceed_one (test_controller.ControllerTests.test_t24_concurrent_reservations_never_exceed_one) ... ok
test_target_change_never_resends (test_controller.ControllerTests.test_target_change_never_resends) ... ok
test_terminal_mutation_needs_review_preserves_result (test_controller.ControllerTests.test_terminal_mutation_needs_review_preserves_result) ... ok
test_unauthorized_project_and_unknown_fields (test_controller.ControllerTests.test_unauthorized_project_and_unknown_fields) ... ok
test_empty_408_is_uncertain (test_http_adapter.HTTPAdapterTests.test_empty_408_is_uncertain) ... ok
test_empty_413_is_handled_without_echo (test_http_adapter.HTTPAdapterTests.test_empty_413_is_handled_without_echo) ... ok
test_insecure_remote_and_embedded_credentials_rejected (test_http_adapter.HTTPAdapterTests.test_insecure_remote_and_embedded_credentials_rejected) ... ok
test_native_paths_and_no_proxy_api (test_http_adapter.HTTPAdapterTests.test_native_paths_and_no_proxy_api) ... ok
test_non_json_and_oversized_responses_fail_closed (test_http_adapter.HTTPAdapterTests.test_non_json_and_oversized_responses_fail_closed) ... ok
test_redirect_never_forwards_credentials (test_http_adapter.HTTPAdapterTests.test_redirect_never_forwards_credentials) ... ok
test_atomic_concurrent_reservation_cap (test_independent_regressions.Independent.test_atomic_concurrent_reservation_cap) ... ok
test_cancel_before_send_blocks_all_future_dispatch (test_independent_regressions.Independent.test_cancel_before_send_blocks_all_future_dispatch) ... ok
test_cancellation_after_completion_preserves_successful_terminal_state (test_independent_regressions.Independent.test_cancellation_after_completion_preserves_successful_terminal_state) ... ok
test_crash_during_fifth_send_recovers_to_review_without_sixth_send (test_independent_regressions.Independent.test_crash_during_fifth_send_recovers_to_review_without_sixth_send) ... ok
test_delayed_final_submit_error_cannot_downgrade_confirmed_completion (test_independent_regressions.Independent.test_delayed_final_submit_error_cannot_downgrade_confirmed_completion) ... ok
test_delayed_read_error_cannot_downgrade_concurrent_terminal_result (test_independent_regressions.Independent.test_delayed_read_error_cannot_downgrade_concurrent_terminal_result) ... ok
test_limit_error_does_not_fail_over_accounts (test_independent_regressions.Independent.test_limit_error_does_not_fail_over_accounts) ... ok
test_request_and_snapshot_immutability (test_independent_regressions.Independent.test_request_and_snapshot_immutability) ... ok
test_stale_observation_and_required_artifact (test_independent_regressions.Independent.test_stale_observation_and_required_artifact) ... ok
test_synthesis_once_for_accepted_versions (test_independent_regressions.Independent.test_synthesis_once_for_accepted_versions) ... ok
test_terminal_state_is_fenced_under_concurrent_observation (test_independent_regressions.Independent.test_terminal_state_is_fenced_under_concurrent_observation) ... ok
test_uncertain_submission_retry_preserves_exact_body_and_slot (test_independent_regressions.Independent.test_uncertain_submission_retry_preserves_exact_body_and_slot) ... ok
test_unexpected_upstream_cancellation_does_not_look_unstarted (test_independent_regressions.Independent.test_unexpected_upstream_cancellation_does_not_look_unstarted) ... ok

----------------------------------------------------------------------
Ran 62 tests in 4.315s

OK
